// Jest Snapshot v1, https://goo.gl/fbAQLP

exports[`DateField component Props containerStyle 1`] = `
<View
  style={
    Array [
      Object {
        "alignItems": "center",
        "flexDirection": "row",
        "justifyContent": "space-between",
      },
      Object {
        "marginVertical": 20,
      },
    ]
  }
>
  <Component
    allowFontScaling={true}
    blurOnSubmit={false}
    editable={true}
    keyboardType="numeric"
    maxLength={2}
    onBlur={[Function]}
    onChangeText={[Function]}
    onSubmitEditing={[Function]}
    placeholder="Date"
    rejectResponderTermination={true}
    returnKeyType="next"
    style={
      Array [
        Object {
          "textAlign": "center",
        },
        undefined,
      ]
    }
    underlineColorAndroid="transparent"
    value=""
  />
  <Component
    allowFontScaling={true}
    blurOnSubmit={false}
    editable={true}
    keyboardType="numeric"
    maxLength={2}
    onBlur={[Function]}
    onChangeText={[Function]}
    onSubmitEditing={[Function]}
    placeholder="Month"
    rejectResponderTermination={true}
    returnKeyType="next"
    style={
      Array [
        Object {
          "textAlign": "center",
        },
        undefined,
      ]
    }
    underlineColorAndroid="transparent"
    value=""
  />
  <Component
    allowFontScaling={true}
    blurOnSubmit={false}
    editable={true}
    keyboardType="numeric"
    maxLength={4}
    onBlur={[Function]}
    onChangeText={[Function]}
    onSubmitEditing={[Function]}
    placeholder="Year"
    rejectResponderTermination={true}
    returnKeyType="done"
    style={
      Array [
        Object {
          "textAlign": "center",
        },
        undefined,
      ]
    }
    underlineColorAndroid="transparent"
    value=""
  />
</View>
`;

exports[`DateField component Props defaultValue 1`] = `
<View
  style={
    Array [
      Object {
        "alignItems": "center",
        "flexDirection": "row",
        "justifyContent": "space-between",
      },
      undefined,
    ]
  }
>
  <Component
    allowFontScaling={true}
    blurOnSubmit={false}
    editable={true}
    keyboardType="numeric"
    maxLength={2}
    onBlur={[Function]}
    onChangeText={[Function]}
    onSubmitEditing={[Function]}
    placeholder="Date"
    rejectResponderTermination={true}
    returnKeyType="next"
    style={
      Array [
        Object {
          "textAlign": "center",
        },
        undefined,
      ]
    }
    underlineColorAndroid="transparent"
    value="25"
  />
  <Component
    allowFontScaling={true}
    blurOnSubmit={false}
    editable={true}
    keyboardType="numeric"
    maxLength={2}
    onBlur={[Function]}
    onChangeText={[Function]}
    onSubmitEditing={[Function]}
    placeholder="Month"
    rejectResponderTermination={true}
    returnKeyType="next"
    style={
      Array [
        Object {
          "textAlign": "center",
        },
        undefined,
      ]
    }
    underlineColorAndroid="transparent"
    value="3"
  />
  <Component
    allowFontScaling={true}
    blurOnSubmit={false}
    editable={true}
    keyboardType="numeric"
    maxLength={4}
    onBlur={[Function]}
    onChangeText={[Function]}
    onSubmitEditing={[Function]}
    placeholder="Year"
    rejectResponderTermination={true}
    returnKeyType="done"
    style={
      Array [
        Object {
          "textAlign": "center",
        },
        undefined,
      ]
    }
    underlineColorAndroid="transparent"
    value="2021"
  />
</View>
`;

exports[`DateField component Props disabled 1`] = `
<View
  style={
    Array [
      Object {
        "alignItems": "center",
        "flexDirection": "row",
        "justifyContent": "space-between",
      },
      undefined,
    ]
  }
>
  <Component
    allowFontScaling={true}
    blurOnSubmit={false}
    editable={false}
    keyboardType="numeric"
    maxLength={2}
    onBlur={[Function]}
    onChangeText={[Function]}
    onSubmitEditing={[Function]}
    placeholder="Date"
    rejectResponderTermination={true}
    returnKeyType="next"
    style={
      Array [
        Object {
          "textAlign": "center",
        },
        undefined,
      ]
    }
    underlineColorAndroid="transparent"
    value=""
  />
  <Component
    allowFontScaling={true}
    blurOnSubmit={false}
    editable={false}
    keyboardType="numeric"
    maxLength={2}
    onBlur={[Function]}
    onChangeText={[Function]}
    onSubmitEditing={[Function]}
    placeholder="Month"
    rejectResponderTermination={true}
    returnKeyType="next"
    style={
      Array [
        Object {
          "textAlign": "center",
        },
        undefined,
      ]
    }
    underlineColorAndroid="transparent"
    value=""
  />
  <Component
    allowFontScaling={true}
    blurOnSubmit={false}
    editable={false}
    keyboardType="numeric"
    maxLength={4}
    onBlur={[Function]}
    onChangeText={[Function]}
    onSubmitEditing={[Function]}
    placeholder="Year"
    rejectResponderTermination={true}
    returnKeyType="done"
    style={
      Array [
        Object {
          "textAlign": "center",
        },
        undefined,
      ]
    }
    underlineColorAndroid="transparent"
    value=""
  />
</View>
`;

exports[`DateField component Props labelDate 1`] = `
<View
  style={
    Array [
      Object {
        "alignItems": "center",
        "flexDirection": "row",
        "justifyContent": "space-between",
      },
      undefined,
    ]
  }
>
  <Component
    allowFontScaling={true}
    blurOnSubmit={false}
    editable={true}
    keyboardType="numeric"
    maxLength={2}
    onBlur={[Function]}
    onChangeText={[Function]}
    onSubmitEditing={[Function]}
    placeholder="Input date"
    rejectResponderTermination={true}
    returnKeyType="next"
    style={
      Array [
        Object {
          "textAlign": "center",
        },
        undefined,
      ]
    }
    underlineColorAndroid="transparent"
    value=""
  />
  <Component
    allowFontScaling={true}
    blurOnSubmit={false}
    editable={true}
    keyboardType="numeric"
    maxLength={2}
    onBlur={[Function]}
    onChangeText={[Function]}
    onSubmitEditing={[Function]}
    placeholder="Month"
    rejectResponderTermination={true}
    returnKeyType="next"
    style={
      Array [
        Object {
          "textAlign": "center",
        },
        undefined,
      ]
    }
    underlineColorAndroid="transparent"
    value=""
  />
  <Component
    allowFontScaling={true}
    blurOnSubmit={false}
    editable={true}
    keyboardType="numeric"
    maxLength={4}
    onBlur={[Function]}
    onChangeText={[Function]}
    onSubmitEditing={[Function]}
    placeholder="Year"
    rejectResponderTermination={true}
    returnKeyType="done"
    style={
      Array [
        Object {
          "textAlign": "center",
        },
        undefined,
      ]
    }
    underlineColorAndroid="transparent"
    value=""
  />
</View>
`;

exports[`DateField component Props labelMonth 1`] = `
<View
  style={
    Array [
      Object {
        "alignItems": "center",
        "flexDirection": "row",
        "justifyContent": "space-between",
      },
      undefined,
    ]
  }
>
  <Component
    allowFontScaling={true}
    blurOnSubmit={false}
    editable={true}
    keyboardType="numeric"
    maxLength={2}
    onBlur={[Function]}
    onChangeText={[Function]}
    onSubmitEditing={[Function]}
    placeholder="Date"
    rejectResponderTermination={true}
    returnKeyType="next"
    style={
      Array [
        Object {
          "textAlign": "center",
        },
        undefined,
      ]
    }
    underlineColorAndroid="transparent"
    value=""
  />
  <Component
    allowFontScaling={true}
    blurOnSubmit={false}
    editable={true}
    keyboardType="numeric"
    maxLength={2}
    onBlur={[Function]}
    onChangeText={[Function]}
    onSubmitEditing={[Function]}
    placeholder="Input month"
    rejectResponderTermination={true}
    returnKeyType="next"
    style={
      Array [
        Object {
          "textAlign": "center",
        },
        undefined,
      ]
    }
    underlineColorAndroid="transparent"
    value=""
  />
  <Component
    allowFontScaling={true}
    blurOnSubmit={false}
    editable={true}
    keyboardType="numeric"
    maxLength={4}
    onBlur={[Function]}
    onChangeText={[Function]}
    onSubmitEditing={[Function]}
    placeholder="Year"
    rejectResponderTermination={true}
    returnKeyType="done"
    style={
      Array [
        Object {
          "textAlign": "center",
        },
        undefined,
      ]
    }
    underlineColorAndroid="transparent"
    value=""
  />
</View>
`;

exports[`DateField component Props labelYear 1`] = `
<View
  style={
    Array [
      Object {
        "alignItems": "center",
        "flexDirection": "row",
        "justifyContent": "space-between",
      },
      undefined,
    ]
  }
>
  <Component
    allowFontScaling={true}
    blurOnSubmit={false}
    editable={true}
    keyboardType="numeric"
    maxLength={2}
    onBlur={[Function]}
    onChangeText={[Function]}
    onSubmitEditing={[Function]}
    placeholder="Date"
    rejectResponderTermination={true}
    returnKeyType="next"
    style={
      Array [
        Object {
          "textAlign": "center",
        },
        undefined,
      ]
    }
    underlineColorAndroid="transparent"
    value=""
  />
  <Component
    allowFontScaling={true}
    blurOnSubmit={false}
    editable={true}
    keyboardType="numeric"
    maxLength={2}
    onBlur={[Function]}
    onChangeText={[Function]}
    onSubmitEditing={[Function]}
    placeholder="Month"
    rejectResponderTermination={true}
    returnKeyType="next"
    style={
      Array [
        Object {
          "textAlign": "center",
        },
        undefined,
      ]
    }
    underlineColorAndroid="transparent"
    value=""
  />
  <Component
    allowFontScaling={true}
    blurOnSubmit={false}
    editable={true}
    keyboardType="numeric"
    maxLength={4}
    onBlur={[Function]}
    onChangeText={[Function]}
    onSubmitEditing={[Function]}
    placeholder="Input year"
    rejectResponderTermination={true}
    returnKeyType="done"
    style={
      Array [
        Object {
          "textAlign": "center",
        },
        undefined,
      ]
    }
    underlineColorAndroid="transparent"
    value=""
  />
</View>
`;

exports[`DateField component Props onSubmit 1`] = `
<View
  style={
    Array [
      Object {
        "alignItems": "center",
        "flexDirection": "row",
        "justifyContent": "space-between",
      },
      undefined,
    ]
  }
>
  <Component
    allowFontScaling={true}
    blurOnSubmit={false}
    editable={true}
    keyboardType="numeric"
    maxLength={2}
    onBlur={[Function]}
    onChangeText={[Function]}
    onSubmitEditing={[Function]}
    placeholder="Date"
    rejectResponderTermination={true}
    returnKeyType="next"
    style={
      Array [
        Object {
          "textAlign": "center",
        },
        undefined,
      ]
    }
    underlineColorAndroid="transparent"
    value=""
  />
  <Component
    allowFontScaling={true}
    blurOnSubmit={false}
    editable={true}
    keyboardType="numeric"
    maxLength={2}
    onBlur={[Function]}
    onChangeText={[Function]}
    onSubmitEditing={[Function]}
    placeholder="Month"
    rejectResponderTermination={true}
    returnKeyType="next"
    style={
      Array [
        Object {
          "textAlign": "center",
        },
        undefined,
      ]
    }
    underlineColorAndroid="transparent"
    value=""
  />
  <Component
    allowFontScaling={true}
    blurOnSubmit={false}
    editable={true}
    keyboardType="numeric"
    maxLength={4}
    onBlur={[Function]}
    onChangeText={[Function]}
    onSubmitEditing={[Function]}
    placeholder="Year"
    rejectResponderTermination={true}
    returnKeyType="done"
    style={
      Array [
        Object {
          "textAlign": "center",
        },
        undefined,
      ]
    }
    underlineColorAndroid="transparent"
    value=""
  />
</View>
`;

exports[`DateField component Props styleInput 1`] = `
<View
  style={
    Array [
      Object {
        "alignItems": "center",
        "flexDirection": "row",
        "justifyContent": "space-between",
      },
      undefined,
    ]
  }
>
  <Component
    allowFontScaling={true}
    blurOnSubmit={false}
    editable={true}
    keyboardType="numeric"
    maxLength={2}
    onBlur={[Function]}
    onChangeText={[Function]}
    onSubmitEditing={[Function]}
    placeholder="Date"
    rejectResponderTermination={true}
    returnKeyType="next"
    style={
      Array [
        Object {
          "textAlign": "center",
        },
        Object {
          "fontSize": 15,
        },
      ]
    }
    underlineColorAndroid="transparent"
    value=""
  />
  <Component
    allowFontScaling={true}
    blurOnSubmit={false}
    editable={true}
    keyboardType="numeric"
    maxLength={2}
    onBlur={[Function]}
    onChangeText={[Function]}
    onSubmitEditing={[Function]}
    placeholder="Month"
    rejectResponderTermination={true}
    returnKeyType="next"
    style={
      Array [
        Object {
          "textAlign": "center",
        },
        Object {
          "fontSize": 15,
        },
      ]
    }
    underlineColorAndroid="transparent"
    value=""
  />
  <Component
    allowFontScaling={true}
    blurOnSubmit={false}
    editable={true}
    keyboardType="numeric"
    maxLength={4}
    onBlur={[Function]}
    onChangeText={[Function]}
    onSubmitEditing={[Function]}
    placeholder="Year"
    rejectResponderTermination={true}
    returnKeyType="done"
    style={
      Array [
        Object {
          "textAlign": "center",
        },
        Object {
          "fontSize": 15,
        },
      ]
    }
    underlineColorAndroid="transparent"
    value=""
  />
</View>
`;

exports[`DateField component Props testID 1`] = `
<View
  style={
    Array [
      Object {
        "alignItems": "center",
        "flexDirection": "row",
        "justifyContent": "space-between",
      },
      undefined,
    ]
  }
  testID="date_input"
>
  <Component
    allowFontScaling={true}
    blurOnSubmit={false}
    editable={true}
    keyboardType="numeric"
    maxLength={2}
    onBlur={[Function]}
    onChangeText={[Function]}
    onSubmitEditing={[Function]}
    placeholder="Date"
    rejectResponderTermination={true}
    returnKeyType="next"
    style={
      Array [
        Object {
          "textAlign": "center",
        },
        undefined,
      ]
    }
    underlineColorAndroid="transparent"
    value=""
  />
  <Component
    allowFontScaling={true}
    blurOnSubmit={false}
    editable={true}
    keyboardType="numeric"
    maxLength={2}
    onBlur={[Function]}
    onChangeText={[Function]}
    onSubmitEditing={[Function]}
    placeholder="Month"
    rejectResponderTermination={true}
    returnKeyType="next"
    style={
      Array [
        Object {
          "textAlign": "center",
        },
        undefined,
      ]
    }
    underlineColorAndroid="transparent"
    value=""
  />
  <Component
    allowFontScaling={true}
    blurOnSubmit={false}
    editable={true}
    keyboardType="numeric"
    maxLength={4}
    onBlur={[Function]}
    onChangeText={[Function]}
    onSubmitEditing={[Function]}
    placeholder="Year"
    rejectResponderTermination={true}
    returnKeyType="done"
    style={
      Array [
        Object {
          "textAlign": "center",
        },
        undefined,
      ]
    }
    underlineColorAndroid="transparent"
    value=""
  />
</View>
`;

exports[`DateField component should match snapshot 1`] = `
<View
  style={
    Array [
      Object {
        "alignItems": "center",
        "flexDirection": "row",
        "justifyContent": "space-between",
      },
      undefined,
    ]
  }
>
  <Component
    allowFontScaling={true}
    blurOnSubmit={false}
    editable={true}
    keyboardType="numeric"
    maxLength={2}
    onBlur={[Function]}
    onChangeText={[Function]}
    onSubmitEditing={[Function]}
    placeholder="Date"
    rejectResponderTermination={true}
    returnKeyType="next"
    style={
      Array [
        Object {
          "textAlign": "center",
        },
        undefined,
      ]
    }
    underlineColorAndroid="transparent"
    value=""
  />
  <Component
    allowFontScaling={true}
    blurOnSubmit={false}
    editable={true}
    keyboardType="numeric"
    maxLength={2}
    onBlur={[Function]}
    onChangeText={[Function]}
    onSubmitEditing={[Function]}
    placeholder="Month"
    rejectResponderTermination={true}
    returnKeyType="next"
    style={
      Array [
        Object {
          "textAlign": "center",
        },
        undefined,
      ]
    }
    underlineColorAndroid="transparent"
    value=""
  />
  <Component
    allowFontScaling={true}
    blurOnSubmit={false}
    editable={true}
    keyboardType="numeric"
    maxLength={4}
    onBlur={[Function]}
    onChangeText={[Function]}
    onSubmitEditing={[Function]}
    placeholder="Year"
    rejectResponderTermination={true}
    returnKeyType="done"
    style={
      Array [
        Object {
          "textAlign": "center",
        },
        undefined,
      ]
    }
    underlineColorAndroid="transparent"
    value=""
  />
</View>
`;
